// Jest Snapshot v1, https://goo.gl/fbAQLP

exports[`Primer Test Hook APP Prueba correr test 1`] = `
<div>
  <h1>
    Hola mundo
  </h1>
</div>
`;
