// Jest Snapshot v1, https://goo.gl/fbAQLP

exports[`Pruebas en <HomeScreen /> Debe de coincidir con el screenShot 1`] = `
<div>
  <h1>
    Home Screen
  </h1>
  <hr />
  <pre>
    {
   "name": "Ivan Lozano",
   "email": "lozanich598@gmail.com"
}
  </pre>
</div>
`;
